// Jest Snapshot v1, https://goo.gl/fbAQLP

exports[`HelloWorld.vue should render vue links 1`] = `
<div class="hello">
  <ul>
    <li><a href="https://router.vuejs.org" target="_blank" rel="noopener">vue-router</a></li>
    <li><a href="https://vuex.vuejs.org" target="_blank" rel="noopener">vuex</a></li>
    <li><a href="https://github.com/vuejs/vue-devtools#vue-devtools" target="_blank" rel="noopener">vue-devtools</a></li>
    <li><a href="https://vue-loader.vuejs.org" target="_blank" rel="noopener">vue-loader</a></li>
  </ul> <button>FETCH STARSHIPS</button>
  <!---->
</div>
`;
